timeout : ERROR: Invalid syntax. Default option is not allowed more than '1' 
time(s).
At line:1 char:1
+ timeout 60 flutter run -d chrome 2>&1 > build_output.txt ; Get-Conten ...
+ ~~~~~~~~~~~~~~~~~~~~~~~~~~~~~~~~~~~~~~~~~~~~~~~~~~~~~~~~
    + CategoryInfo          : NotSpecified: (ERROR: Invalid ...an '1' time(s). 
   :String) [], RemoteException
    + FullyQualifiedErrorId : NativeCommandError
 
Type "TIMEOUT /?" for usage.
